[debug] [2025-04-06T15:20:10.755Z] ----------------------------------------------------------------------
[debug] [2025-04-06T15:20:10.757Z] Command:       C:\Program Files\nodejs\node.exe C:\Users\wafsm\AppData\Roaming\npm\node_modules\firebase-tools\lib\bin\firebase.js init
[debug] [2025-04-06T15:20:10.758Z] CLI Version:   14.1.0
[debug] [2025-04-06T15:20:10.758Z] Platform:      win32
[debug] [2025-04-06T15:20:10.758Z] Node Version:  v20.18.0
[debug] [2025-04-06T15:20:10.758Z] Time:          Sun Apr 06 2025 23:20:10 GMT+0800 (Philippine Standard Time)
[debug] [2025-04-06T15:20:10.758Z] ----------------------------------------------------------------------
[debug] 
[debug] [2025-04-06T15:20:10.763Z] >>> [apiv2][query] GET https://firebase-public.firebaseio.com/cli.json [none]
[debug] [2025-04-06T15:20:10.816Z] > command requires scopes: ["email","openid","https://www.googleapis.com/auth/cloudplatformprojects.readonly","https://www.googleapis.com/auth/firebase","https://www.googleapis.com/auth/cloud-platform"]
[debug] [2025-04-06T15:20:10.817Z] > authorizing via signed-in user (kbuenvenida21@gmail.com)
[info] 
     ######## #### ########  ######## ########     ###     ######  ########
     ##        ##  ##     ## ##       ##     ##  ##   ##  ##       ##
     ######    ##  ########  ######   ########  #########  ######  ######
     ##        ##  ##    ##  ##       ##     ## ##     ##       ## ##
     ##       #### ##     ## ######## ########  ##     ##  ######  ########

You're about to initialize a Firebase project in this directory:

  C:\Users\wafsm\OneDrive\Desktop\Software Design Application\cainta-scholarship

[debug] [2025-04-06T15:20:11.216Z] <<< [apiv2][status] GET https://firebase-public.firebaseio.com/cli.json 200
[debug] [2025-04-06T15:20:11.216Z] <<< [apiv2][body] GET https://firebase-public.firebaseio.com/cli.json {"cloudBuildErrorAfter":1594252800000,"cloudBuildWarnAfter":1590019200000,"defaultNode10After":1594252800000,"minVersion":"3.0.5","node8DeploysDisabledAfter":1613390400000,"node8RuntimeDisabledAfter":1615809600000,"node8WarnAfter":1600128000000}
[info] 
=== Project Setup
[info] 
[info] First, let's associate this project directory with a Firebase project.
[info] You can create multiple project aliases by running firebase use --add, 
[info] but for now we'll just set up a default project.
[info] 
[debug] [2025-04-06T15:21:40.110Z] Checked if tokens are valid: false, expires at: 1743837493511
[debug] [2025-04-06T15:21:40.110Z] Checked if tokens are valid: false, expires at: 1743837493511
[debug] [2025-04-06T15:21:40.111Z] > refreshing access token with scopes: []
[debug] [2025-04-06T15:21:40.111Z] >>> [apiv2][query] POST https://www.googleapis.com/oauth2/v3/token [none]
[debug] [2025-04-06T15:21:40.111Z] >>> [apiv2][body] POST https://www.googleapis.com/oauth2/v3/token [omitted]
[debug] [2025-04-06T15:21:40.357Z] <<< [apiv2][status] POST https://www.googleapis.com/oauth2/v3/token 200
[debug] [2025-04-06T15:21:40.357Z] <<< [apiv2][body] POST https://www.googleapis.com/oauth2/v3/token [omitted]
[debug] [2025-04-06T15:21:40.365Z] >>> [apiv2][query] GET https://firebase.googleapis.com/v1beta1/projects pageSize=100
[debug] [2025-04-06T15:21:41.077Z] <<< [apiv2][status] GET https://firebase.googleapis.com/v1beta1/projects 200
[debug] [2025-04-06T15:21:41.077Z] <<< [apiv2][body] GET https://firebase.googleapis.com/v1beta1/projects [omitted]
[info] i  Using project software-design-c121f (Software Design) 
[info] 
=== Dataconnect Setup
[debug] [2025-04-06T15:21:43.851Z] Checked if tokens are valid: true, expires at: 1743956499357
[debug] [2025-04-06T15:21:43.851Z] Checked if tokens are valid: true, expires at: 1743956499357
[debug] [2025-04-06T15:21:43.851Z] >>> [apiv2][query] GET https://cloudbilling.googleapis.com/v1/projects/software-design-c121f/billingInfo [none]
[debug] [2025-04-06T15:21:45.482Z] <<< [apiv2][status] GET https://cloudbilling.googleapis.com/v1/projects/software-design-c121f/billingInfo 200
[debug] [2025-04-06T15:21:45.482Z] <<< [apiv2][body] GET https://cloudbilling.googleapis.com/v1/projects/software-design-c121f/billingInfo {"name":"projects/software-design-c121f/billingInfo","projectId":"software-design-c121f","billingAccountName":"","billingEnabled":false}
[info] i  dataconnect: ensuring required API sqladmin.googleapis.com is enabled... 
[debug] [2025-04-06T15:21:45.483Z] Checked if tokens are valid: true, expires at: 1743956499357
[debug] [2025-04-06T15:21:45.483Z] Checked if tokens are valid: true, expires at: 1743956499357
[debug] [2025-04-06T15:21:45.483Z] >>> [apiv2][query] GET https://serviceusage.googleapis.com/v1/projects/software-design-c121f/services/sqladmin.googleapis.com [none]
[debug] [2025-04-06T15:21:45.483Z] >>> [apiv2][(partial)header] GET https://serviceusage.googleapis.com/v1/projects/software-design-c121f/services/sqladmin.googleapis.com x-goog-quota-user=projects/software-design-c121f
[debug] [2025-04-06T15:21:46.880Z] <<< [apiv2][status] GET https://serviceusage.googleapis.com/v1/projects/software-design-c121f/services/sqladmin.googleapis.com 200
[debug] [2025-04-06T15:21:46.880Z] <<< [apiv2][body] GET https://serviceusage.googleapis.com/v1/projects/software-design-c121f/services/sqladmin.googleapis.com [omitted]
[warn] !  dataconnect: missing required API sqladmin.googleapis.com. Enabling now... 
[debug] [2025-04-06T15:21:46.880Z] Checked if tokens are valid: true, expires at: 1743956499357
[debug] [2025-04-06T15:21:46.880Z] Checked if tokens are valid: true, expires at: 1743956499357
[debug] [2025-04-06T15:21:46.881Z] >>> [apiv2][query] POST https://serviceusage.googleapis.com/v1/projects/software-design-c121f/services/sqladmin.googleapis.com:enable [none]
[debug] [2025-04-06T15:21:46.881Z] >>> [apiv2][(partial)header] POST https://serviceusage.googleapis.com/v1/projects/software-design-c121f/services/sqladmin.googleapis.com:enable x-goog-quota-user=projects/software-design-c121f
[debug] [2025-04-06T15:21:47.362Z] <<< [apiv2][status] POST https://serviceusage.googleapis.com/v1/projects/software-design-c121f/services/sqladmin.googleapis.com:enable 200
[debug] [2025-04-06T15:21:47.362Z] <<< [apiv2][body] POST https://serviceusage.googleapis.com/v1/projects/software-design-c121f/services/sqladmin.googleapis.com:enable [omitted]
[debug] [2025-04-06T15:21:57.365Z] Checked if tokens are valid: true, expires at: 1743956499357
[debug] [2025-04-06T15:21:57.365Z] Checked if tokens are valid: true, expires at: 1743956499357
[debug] [2025-04-06T15:21:57.365Z] >>> [apiv2][query] GET https://serviceusage.googleapis.com/v1/projects/software-design-c121f/services/sqladmin.googleapis.com [none]
[debug] [2025-04-06T15:21:57.366Z] >>> [apiv2][(partial)header] GET https://serviceusage.googleapis.com/v1/projects/software-design-c121f/services/sqladmin.googleapis.com x-goog-quota-user=projects/software-design-c121f
[debug] [2025-04-06T15:21:58.726Z] <<< [apiv2][status] GET https://serviceusage.googleapis.com/v1/projects/software-design-c121f/services/sqladmin.googleapis.com 200
[debug] [2025-04-06T15:21:58.726Z] <<< [apiv2][body] GET https://serviceusage.googleapis.com/v1/projects/software-design-c121f/services/sqladmin.googleapis.com [omitted]
[info] +  dataconnect: required API sqladmin.googleapis.com is enabled 
[info] +  Wrote dataconnect\dataconnect.yaml 
[info] +  Wrote dataconnect\schema\schema.gql 
[info] +  Wrote dataconnect\connector\connector.yaml 
[info] +  Wrote dataconnect\connector\queries.gql 
[info] +  Wrote dataconnect\connector\mutations.gql 
[info] +  Detected WEB app in directory C:\Users\wafsm\OneDrive\Desktop\Software Design Application\cainta-scholarship 
